
> frontend@0.1.0 build
> next build

▲ Next.js 16.2.1 (Turbopack)
- Environments: .env.local

  Creating an optimized production build ...
✓ Compiled successfully in 30.0s
  Running TypeScript ...
  Finished TypeScript in 21.9s ...
  Collecting page data using 3 workers ...
  Generating static pages using 3 workers (0/25) ...
  Generating static pages using 3 workers (6/25) 
  Generating static pages using 3 workers (12/25) 
  Generating static pages using 3 workers (18/25) 
✓ Generating static pages using 3 workers (25/25) in 706ms
  Finalizing page optimization ...

Route (app)
┌ ○ /
├ ○ /_not-found
├ ○ /agents
├ ƒ /api/agents
├ ƒ /api/ai-models
├ ƒ /api/ai/chat
├ ƒ /api/auth/google
├ ƒ /api/auth/google/callback
├ ƒ /api/chat
├ ƒ /api/config
├ ƒ /api/connections
├ ƒ /api/departments
├ ƒ /api/health
├ ƒ /api/missions
├ ƒ /api/missions/[id]
├ ƒ /api/skills
├ ƒ /api/sops
├ ƒ /api/tasks
├ ƒ /api/tasks/run
├ ○ /connections
├ ○ /missions
├ ƒ /missions/[id]
├ ○ /missions/new
├ ○ /sops
└ ○ /team


○  (Static)   prerendered as static content
ƒ  (Dynamic)  server-rendered on demand

